[2026-08-24 09:16:31] SETUP  IDFCFIRSTB | 125m Supertrend turned GREEN (daily green too).
Buy above 86.75 | SL 86.28 (risk 0.54%) | LTP 86.75
Valid for the next 3 x 125-min candles.
[2026-08-24 10:01:00] >>> ENTRY IDFCFIRSTB <<< | Broke 86.75. LTP 86.32
STOP LOSS 86.28  (risk 0.54%)
Exit when the 125-min Supertrend turns red. 1R = 87.22, 2R = 87.69
NOTE: price has pulled back to 86.32 - the trigger was hit earlier, between scans.
[2026-08-24 10:50:14] EXIT   IDFCFIRSTB (STOPPED OUT) | Stop-loss hit - book out near 86.28
Entry 86.75 -> 86.28 = -0.54% (-1.00 R)
[2026-08-24 11:28:20] SETUP  ENGINERSIN | 125m Supertrend turned GREEN (daily green too).
Buy above 250.97 | SL 243.83 (risk 2.84%) | LTP 247.67
Valid for the next 3 x 125-min candles.
[2026-08-24 11:28:22] SETUP  HINDALCO | 125m Supertrend turned GREEN (daily green too).
Buy above 1058.45 | SL 1043.40 (risk 1.42%) | LTP 1055.20
Valid for the next 3 x 125-min candles.
[2026-08-24 11:28:23] SETUP  JSWINFRA | 125m Supertrend turned GREEN (daily green too).
Buy above 342.80 | SL 335.85 (risk 2.03%) | LTP 340.00
Valid for the next 3 x 125-min candles.
[2026-08-24 11:28:25] SETUP  SIEMENS | 125m Supertrend turned GREEN (daily green too).
Buy above 4110.00 | SL 3908.20 (risk 4.91%) | LTP 4072.60
Valid for the next 3 x 125-min candles.
[2026-08-24 11:28:26] SETUP  ECLERX | 125m Supertrend turned GREEN (daily green too).
Buy above 1868.00 | SL 1812.90 (risk 2.95%) | LTP 1862.00
Valid for the next 3 x 125-min candles.
[2026-08-24 11:28:27] >>> ENTRY ECLERX <<< | Broke 1868.00. LTP 1862.00
STOP LOSS 1812.90  (risk 2.95%)
Exit when the 125-min Supertrend turns red. 1R = 1923.10, 2R = 1978.20
NOTE: price has pulled back to 1862.00 - the trigger was hit earlier, between scans.
[2026-08-24 14:00:42] SETUP  AWL | 125m Supertrend turned GREEN (daily green too).
Buy above 194.65 | SL 189.82 (risk 2.48%) | LTP 194.32
Valid for the next 3 x 125-min candles.
[2026-08-24 14:00:43] >>> ENTRY AWL <<< | Broke 194.65. LTP 194.32
STOP LOSS 189.82  (risk 2.48%)
Exit when the 125-min Supertrend turns red. 1R = 199.48, 2R = 204.31
NOTE: price has pulled back to 194.32 - the trigger was hit earlier, between scans.
[2026-08-24 14:00:43] SETUP  AARTIIND | 125m Supertrend turned GREEN (daily green too).
Buy above 544.75 | SL 538.50 (risk 1.15%) | LTP 543.65
Valid for the next 3 x 125-min candles.
[2026-08-24 14:00:44] >>> ENTRY AARTIIND <<< | Broke 544.75. LTP 543.65
STOP LOSS 538.50  (risk 1.15%)
Exit when the 125-min Supertrend turns red. 1R = 551.00, 2R = 557.25
NOTE: price has pulled back to 543.65 - the trigger was hit earlier, between scans.
[2026-08-24 14:00:46] >>> ENTRY ENGINERSIN <<< | Broke 250.97. LTP 251.60
STOP LOSS 243.83  (risk 2.84%)
Exit when the 125-min Supertrend turns red. 1R = 258.11, 2R = 265.25
[2026-08-24 14:55:14] >>> ENTRY SIEMENS <<< | Broke 4110.00. LTP 4100.40
STOP LOSS 3908.20  (risk 4.91%)
Exit when the 125-min Supertrend turns red. 1R = 4311.80, 2R = 4513.60
NOTE: price has pulled back to 4100.40 - the trigger was hit earlier, between scans.
[2026-08-25 09:53:07] SETUP  COCHINSHIP | 125m Supertrend turned GREEN (daily green too).
Buy above 1515.90 | SL 1496.20 (risk 1.30%) | LTP 1511.70
Valid for the next 3 x 125-min candles.
[2026-08-25 09:53:09] >>> ENTRY COCHINSHIP <<< | Broke 1515.90. LTP 1511.70
STOP LOSS 1496.20  (risk 1.30%)
Exit when the 125-min Supertrend turns red. 1R = 1535.60, 2R = 1555.30
NOTE: price has pulled back to 1511.70 - the trigger was hit earlier, between scans.
[2026-08-25 09:53:10] >>> ENTRY HINDALCO <<< | Broke 1058.45. LTP 1044.15
STOP LOSS 1043.40  (risk 1.42%)
Exit when the 125-min Supertrend turns red. 1R = 1073.50, 2R = 1088.55
NOTE: price has pulled back to 1044.15 - the trigger was hit earlier, between scans.
[2026-08-25 09:53:11] >>> ENTRY JSWINFRA <<< | Broke 342.80. LTP 342.20
STOP LOSS 335.85  (risk 2.03%)
Exit when the 125-min Supertrend turns red. 1R = 349.75, 2R = 356.70
NOTE: price has pulled back to 342.20 - the trigger was hit earlier, between scans.
[2026-08-25 09:53:15] EXIT   ECLERX (STOPPED OUT) | Stop-loss hit - book out near 1812.90
Entry 1868.00 -> 1812.90 = -2.95% (-1.00 R)
[2026-08-25 10:30:46] EXIT   AARTIIND (STOPPED OUT) | Stop-loss hit - book out near 538.50
Entry 544.75 -> 538.50 = -1.15% (-1.00 R)
[2026-08-25 11:32:12] SETUP  LGEINDIA | 125m Supertrend turned GREEN (daily green too).
Buy above 1686.50 | SL 1654.00 (risk 1.93%) | LTP 1682.00
Valid for the next 3 x 125-min candles.
[2026-08-25 11:32:13] SETUP  LAURUSLABS | 125m Supertrend turned GREEN (daily green too).
Buy above 1842.00 | SL 1797.30 (risk 2.43%) | LTP 1848.00
Valid for the next 3 x 125-min candles.
[2026-08-25 11:32:13] >>> ENTRY LAURUSLABS <<< | Broke 1842.00. LTP 1848.00
STOP LOSS 1797.30  (risk 2.43%)
Exit when the 125-min Supertrend turns red. 1R = 1886.70, 2R = 1931.40
[2026-08-25 12:28:29] >>> ENTRY LGEINDIA <<< | Broke 1686.50. LTP 1690.00
STOP LOSS 1654.00  (risk 1.93%)
Exit when the 125-min Supertrend turns red. 1R = 1719.00, 2R = 1751.50
[2026-08-25 13:53:19] SETUP  CUB | 125m Supertrend turned GREEN (daily green too).
Buy above 220.09 | SL 217.25 (risk 1.29%) | LTP 220.32
Valid for the next 3 x 125-min candles.
[2026-08-25 13:53:19] >>> ENTRY CUB <<< | Broke 220.09. LTP 220.32
STOP LOSS 217.25  (risk 1.29%)
Exit when the 125-min Supertrend turns red. 1R = 222.93, 2R = 225.77
[2026-08-25 13:53:23] SETUP  PINELABS | 125m Supertrend turned GREEN (daily green too).
Buy above 165.45 | SL 160.51 (risk 2.99%) | LTP 164.70
Valid for the next 3 x 125-min candles.
[2026-08-25 13:53:23] >>> ENTRY PINELABS <<< | Broke 165.45. LTP 164.70
STOP LOSS 160.51  (risk 2.99%)
Exit when the 125-min Supertrend turns red. 1R = 170.39, 2R = 175.33
NOTE: price has pulled back to 164.70 - the trigger was hit earlier, between scans.
[2026-08-26 09:16:46] SETUP  ABB | 125m Supertrend turned GREEN (daily green too).
Buy above 7627.00 | SL 7521.00 (risk 1.39%) | LTP 7655.00
Valid for the next 3 x 125-min candles.
[2026-08-26 09:16:47] >>> ENTRY ABB <<< | Broke 7627.00. LTP 7655.00
STOP LOSS 7521.00  (risk 1.39%)
Exit when the 125-min Supertrend turns red. 1R = 7733.00, 2R = 7839.00
[2026-08-26 09:16:49] SETUP  CHOLAFIN | 125m Supertrend turned GREEN (daily green too).
Buy above 1873.00 | SL 1832.80 (risk 2.15%) | LTP 1888.90
Valid for the next 3 x 125-min candles.
[2026-08-26 09:16:50] >>> ENTRY CHOLAFIN <<< | Broke 1873.00. LTP 1888.90
STOP LOSS 1832.80  (risk 2.15%)
Exit when the 125-min Supertrend turns red. 1R = 1913.20, 2R = 1953.40
[2026-08-26 09:16:52] EXIT   HINDALCO (STOPPED OUT) | Stop-loss hit - book out near 1043.40
Entry 1058.45 -> 1043.40 = -1.42% (-1.00 R)
[2026-08-26 09:16:56] SETUP  TECHM | 125m Supertrend turned GREEN (daily green too).
Buy above 1599.90 | SL 1566.40 (risk 2.09%) | LTP 1605.40
Valid for the next 3 x 125-min candles.
[2026-08-26 09:16:56] >>> ENTRY TECHM <<< | Broke 1599.90. LTP 1605.40
STOP LOSS 1566.40  (risk 2.09%)
Exit when the 125-min Supertrend turns red. 1R = 1633.40, 2R = 1666.90
[2026-08-26 09:16:57] SETUP  UNIONBANK | 125m Supertrend turned GREEN (daily green too).
Buy above 187.30 | SL 185.23 (risk 1.11%) | LTP 191.32
Valid for the next 3 x 125-min candles.
[2026-08-26 09:16:58] >>> ENTRY UNIONBANK <<< | Broke 187.30. LTP 191.32
STOP LOSS 185.23  (risk 1.11%)
Exit when the 125-min Supertrend turns red. 1R = 189.37, 2R = 191.44
[2026-08-26 11:37:13] SETUP  ASHOKLEY | 125m Supertrend turned GREEN (daily green too).
Buy above 177.96 | SL 175.41 (risk 1.43%) | LTP 177.30
Valid for the next 3 x 125-min candles.
[2026-08-26 11:37:14] SETUP  ATHERENERG | 125m Supertrend turned GREEN (daily green too).
Buy above 1489.50 | SL 1444.00 (risk 3.05%) | LTP 1484.00
Valid for the next 3 x 125-min candles.
[2026-08-26 11:37:15] SETUP  BAJAJHLDNG | 125m Supertrend turned GREEN (daily green too).
Buy above 11447.00 | SL 11292.00 (risk 1.35%) | LTP 11334.00
Valid for the next 3 x 125-min candles.
[2026-08-26 11:37:15] SETUP  BANKINDIA | 125m Supertrend turned GREEN (daily green too).
Buy above 147.90 | SL 144.50 (risk 2.30%) | LTP 145.74
Valid for the next 3 x 125-min candles.
[2026-08-26 11:37:16] SETUP  CANBK | 125m Supertrend turned GREEN (daily green too).
Buy above 130.88 | SL 128.68 (risk 1.68%) | LTP 129.82
Valid for the next 3 x 125-min candles.
[2026-08-26 11:37:17] SETUP  COHANCE | 125m Supertrend turned GREEN (daily green too).
Buy above 466.00 | SL 450.10 (risk 3.41%) | LTP 463.00
Valid for the next 3 x 125-min candles.
[2026-08-26 11:37:18] >>> ENTRY COHANCE <<< | Broke 466.00. LTP 463.00
STOP LOSS 450.10  (risk 3.41%)
Exit when the 125-min Supertrend turns red. 1R = 481.90, 2R = 497.80
NOTE: price has pulled back to 463.00 - the trigger was hit earlier, between scans.
[2026-08-26 11:37:18] SETUP  DALBHARAT | 125m Supertrend turned GREEN (daily green too).
Buy above 1910.60 | SL 1824.00 (risk 4.53%) | LTP 1874.30
Valid for the next 3 x 125-min candles.
[2026-08-26 11:37:19] SETUP  DEEPAKNTR | 125m Supertrend turned GREEN (daily green too).
Buy above 1800.00 | SL 1755.60 (risk 2.47%) | LTP 1792.50
Valid for the next 3 x 125-min candles.
[2026-08-26 11:37:20] SETUP  LALPATHLAB | 125m Supertrend turned GREEN (daily green too).
Buy above 1945.00 | SL 1888.60 (risk 2.90%) | LTP 1938.40
Valid for the next 3 x 125-min candles.
[2026-08-26 11:37:21] SETUP  GLAXO | 125m Supertrend turned GREEN (daily green too).
Buy above 3049.90 | SL 2994.40 (risk 1.82%) | LTP 3012.00
Valid for the next 3 x 125-min candles.
[2026-08-26 11:37:21] SETUP  MEDANTA | 125m Supertrend turned GREEN (daily green too).
Buy above 1474.80 | SL 1410.70 (risk 4.35%) | LTP 1467.60
Valid for the next 3 x 125-min candles.
[2026-08-26 11:37:22] SETUP  HINDZINC | 125m Supertrend turned GREEN (daily green too).
Buy above 623.75 | SL 600.25 (risk 3.77%) | LTP 622.00
Valid for the next 3 x 125-min candles.
[2026-08-26 11:37:23] SETUP  HYUNDAI | 125m Supertrend turned GREEN (daily green too).
Buy above 2279.00 | SL 2237.40 (risk 1.83%) | LTP 2263.30
Valid for the next 3 x 125-min candles.
[2026-08-26 11:37:24] SETUP  INDIANB | 125m Supertrend turned GREEN (daily green too).
Buy above 899.35 | SL 884.20 (risk 1.68%) | LTP 888.40
Valid for the next 3 x 125-min candles.
[2026-08-26 11:37:25] SETUP  NAVINFLUOR | 125m Supertrend turned GREEN (daily green too).
Buy above 8344.50 | SL 8230.00 (risk 1.37%) | LTP 8331.00
Valid for the next 3 x 125-min candles.
[2026-08-26 11:37:26] SETUP  OFSS | 125m Supertrend turned GREEN (daily green too).
Buy above 12060.00 | SL 11713.00 (risk 2.88%) | LTP 11870.00
Valid for the next 3 x 125-min candles.
[2026-08-26 11:37:27] SETUP  PNBHOUSING | 125m Supertrend turned GREEN (daily green too).
Buy above 1211.50 | SL 1184.30 (risk 2.25%) | LTP 1196.10
Valid for the next 3 x 125-min candles.
[2026-08-26 11:37:28] SETUP  SBFC | 125m Supertrend turned GREEN (daily green too).
Buy above 97.20 | SL 92.60 (risk 4.73%) | LTP 97.25
Valid for the next 3 x 125-min candles.
[2026-08-26 11:37:29] >>> ENTRY SBFC <<< | Broke 97.20. LTP 97.25
STOP LOSS 92.60  (risk 4.73%)
Exit when the 125-min Supertrend turns red. 1R = 101.80, 2R = 106.40
[2026-08-26 11:37:30] SETUP  TATACAP | 125m Supertrend turned GREEN (daily green too).
Buy above 369.75 | SL 364.15 (risk 1.51%) | LTP 370.30
Valid for the next 3 x 125-min candles.
[2026-08-26 11:37:30] >>> ENTRY TATACAP <<< | Broke 369.75. LTP 370.30
STOP LOSS 364.15  (risk 1.51%)
Exit when the 125-min Supertrend turns red. 1R = 375.35, 2R = 380.95
[2026-08-26 12:35:35] >>> ENTRY ASHOKLEY <<< | Broke 177.96. LTP 178.75
STOP LOSS 175.41  (risk 1.43%)
Exit when the 125-min Supertrend turns red. 1R = 180.51, 2R = 183.06
[2026-08-26 12:35:39] >>> ENTRY NAVINFLUOR <<< | Broke 8344.50. LTP 8404.00
STOP LOSS 8230.00  (risk 1.37%)
Exit when the 125-min Supertrend turns red. 1R = 8459.00, 2R = 8573.50
[2026-08-26 13:25:19] SETUP  DATAPATTNS | 125m Supertrend turned GREEN (daily green too).
Buy above 4799.00 | SL 4722.40 (risk 1.60%) | LTP 4764.90
Valid for the next 3 x 125-min candles.
[2026-08-26 13:25:20] SETUP  GRSE | 125m Supertrend turned GREEN (daily green too).
Buy above 2669.90 | SL 2619.00 (risk 1.91%) | LTP 2659.90
Valid for the next 3 x 125-min candles.
[2026-08-26 13:25:21] >>> ENTRY HINDZINC <<< | Broke 623.75. LTP 624.80
STOP LOSS 600.25  (risk 3.77%)
Exit when the 125-min Supertrend turns red. 1R = 647.25, 2R = 670.75
[2026-08-26 13:25:22] SETUP  JINDALSAW | 125m Supertrend turned GREEN (daily green too).
Buy above 307.90 | SL 290.00 (risk 5.81%) | LTP 304.65
Valid for the next 3 x 125-min candles.
[2026-08-26 13:25:24] EXIT   TECHM (STOPPED OUT) | Stop-loss hit - book out near 1566.40
Entry 1599.90 -> 1566.40 = -2.09% (-1.00 R)
[2026-08-26 13:59:27] >>> ENTRY DATAPATTNS <<< | Broke 4799.00. LTP 4815.90
STOP LOSS 4722.40  (risk 1.60%)
Exit when the 125-min Supertrend turns red. 1R = 4875.60, 2R = 4952.20
[2026-08-26 13:59:28] >>> ENTRY GRSE <<< | Broke 2669.90. LTP 2665.90
STOP LOSS 2619.00  (risk 1.91%)
Exit when the 125-min Supertrend turns red. 1R = 2720.80, 2R = 2771.70
NOTE: price has pulled back to 2665.90 - the trigger was hit earlier, between scans.
[2026-08-27 12:25:44] EXIT   ABB (STOPPED OUT) | Stop-loss hit - book out near 7521.00
Entry 7627.00 -> 7521.00 = -1.39% (-1.00 R)
[2026-08-27 12:25:45] SETUP  APARINDS | 125m Supertrend turned GREEN (daily green too).
Buy above 17620.00 | SL 17200.00 (risk 2.38%) | LTP 17709.00
Valid for the next 3 x 125-min candles.
[2026-08-27 12:25:45] >>> ENTRY APARINDS <<< | Broke 17620.00. LTP 17709.00
STOP LOSS 17200.00  (risk 2.38%)
Exit when the 125-min Supertrend turns red. 1R = 18040.00, 2R = 18460.00
[2026-08-27 12:25:46] >>> ENTRY ATHERENERG <<< | Broke 1489.50. LTP 1495.30
STOP LOSS 1444.00  (risk 3.05%)
Exit when the 125-min Supertrend turns red. 1R = 1535.00, 2R = 1580.50
[2026-08-27 12:25:46] >>> ENTRY BAJAJHLDNG <<< | Broke 11447.00. LTP 11465.00
STOP LOSS 11292.00  (risk 1.35%)
Exit when the 125-min Supertrend turns red. 1R = 11602.00, 2R = 11757.00
[2026-08-27 12:25:47] SETUP  BHEL | 125m Supertrend turned GREEN (daily green too).
Buy above 438.10 | SL 418.60 (risk 4.45%) | LTP 432.80
Valid for the next 3 x 125-min candles.
[2026-08-27 12:25:48] SETUP  CRISIL | 125m Supertrend turned GREEN (daily green too).
Buy above 4661.40 | SL 4502.90 (risk 3.40%) | LTP 4617.50
Valid for the next 3 x 125-min candles.
[2026-08-27 12:25:48] EXIT   DATAPATTNS (STOPPED OUT) | Stop-loss hit - book out near 4722.40
Entry 4799.00 -> 4722.40 = -1.60% (-1.00 R)
[2026-08-27 12:25:49] >>> ENTRY LALPATHLAB <<< | Broke 1945.00. LTP 1931.00
STOP LOSS 1888.60  (risk 2.90%)
Exit when the 125-min Supertrend turns red. 1R = 2001.40, 2R = 2057.80
NOTE: price has pulled back to 1931.00 - the trigger was hit earlier, between scans.
[2026-08-27 12:25:50] EXIT   ENGINERSIN (TARGET) | 125m Supertrend turned RED - book out near 245.78
Entry 250.97 -> 245.78 = -2.07% (-0.73 R)
[2026-08-27 12:25:50] >>> ENTRY GLAXO <<< | Broke 3049.90. LTP 3051.10
STOP LOSS 2994.40  (risk 1.82%)
Exit when the 125-min Supertrend turns red. 1R = 3105.40, 2R = 3160.90
[2026-08-27 12:25:51] >>> ENTRY MEDANTA <<< | Broke 1474.80. LTP 1495.00
STOP LOSS 1410.70  (risk 4.35%)
Exit when the 125-min Supertrend turns red. 1R = 1538.90, 2R = 1603.00
[2026-08-27 12:25:52] >>> ENTRY HYUNDAI <<< | Broke 2279.00. LTP 2260.40
STOP LOSS 2237.40  (risk 1.83%)
Exit when the 125-min Supertrend turns red. 1R = 2320.60, 2R = 2362.20
NOTE: price has pulled back to 2260.40 - the trigger was hit earlier, between scans.
[2026-08-27 12:25:53] EXIT   JSWINFRA (STOPPED OUT) | Stop-loss hit - book out near 335.85
Entry 342.80 -> 335.85 = -2.03% (-1.00 R)
[2026-08-27 12:25:53] >>> ENTRY JINDALSAW <<< | Broke 307.90. LTP 309.70
STOP LOSS 290.00  (risk 5.81%)
Exit when the 125-min Supertrend turns red. 1R = 325.80, 2R = 343.70
[2026-08-31 14:36:53] EXIT   AWL (TARGET) | 125m Supertrend turned RED - book out near 195.50
Entry 194.65 -> 195.50 = +0.44% (+0.18 R)
[2026-08-31 14:36:54] EXIT   ASHOKLEY (STOPPED OUT) | Stop-loss hit - book out near 175.41
Entry 177.96 -> 175.41 = -1.43% (-1.00 R)
[2026-08-31 14:36:55] EXIT   BAJAJHLDNG (STOPPED OUT) | Stop-loss hit - book out near 11292.00
Entry 11447.00 -> 11292.00 = -1.35% (-1.00 R)
[2026-08-31 14:36:55] CANCEL BANKINDIA | 125m Supertrend flipped red before entry.
[2026-08-31 14:36:56] >>> ENTRY CRISIL <<< | Broke 4661.40. LTP 4796.50
STOP LOSS 4502.90  (risk 3.40%)
Exit when the 125-min Supertrend turns red. 1R = 4819.90, 2R = 4978.40
[2026-08-31 14:36:57] CANCEL CANBK | 125m Supertrend flipped red before entry.
[2026-08-31 14:36:57] EXIT   CHOLAFIN (STOPPED OUT) | Stop-loss hit - book out near 1832.80
Entry 1873.00 -> 1832.80 = -2.15% (-1.00 R)
[2026-08-31 14:36:58] EXIT   COCHINSHIP (STOPPED OUT) | Stop-loss hit - book out near 1496.20
Entry 1515.90 -> 1496.20 = -1.30% (-1.00 R)
[2026-08-31 14:36:59] EXIT   COHANCE (STOPPED OUT) | Stop-loss hit - book out near 450.10
Entry 466.00 -> 450.10 = -3.41% (-1.00 R)
[2026-08-31 14:36:59] EXIT   LALPATHLAB (STOPPED OUT) | Stop-loss hit - book out near 1888.60
Entry 1945.00 -> 1888.60 = -2.90% (-1.00 R)
[2026-08-31 14:37:00] EXIT   GRSE (STOPPED OUT) | Stop-loss hit - book out near 2619.00
Entry 2669.90 -> 2619.00 = -1.91% (-1.00 R)
[2026-08-31 14:37:01] EXIT   MEDANTA (TARGET) | 125m Supertrend turned RED - book out near 1481.50
Entry 1474.80 -> 1481.50 = +0.45% (+0.10 R)
[2026-08-31 14:37:02] SETUP  GRASIM | 125m Supertrend turned GREEN (daily green too).
Buy above 3322.10 | SL 3282.20 (risk 1.20%) | LTP 3307.20
Valid for the next 3 x 125-min candles.
[2026-08-31 14:37:02] EXIT   HINDZINC (STOPPED OUT) | Stop-loss hit - book out near 600.25
Entry 623.75 -> 600.25 = -3.77% (-1.00 R)
[2026-08-31 14:37:03] SETUP  IRB | 125m Supertrend turned GREEN (daily green too).
Buy above 19.60 | SL 19.31 (risk 1.48%) | LTP 19.30
Valid for the next 3 x 125-min candles.
[2026-08-31 14:37:04] CANCEL INDIANB | 125m Supertrend flipped red before entry.
[2026-08-31 14:37:05] SETUP  LTTS | 125m Supertrend turned GREEN (daily green too).
Buy above 3641.30 | SL 3573.70 (risk 1.86%) | LTP 3614.60
Valid for the next 3 x 125-min candles.
[2026-08-31 14:37:06] >>> ENTRY OFSS <<< | Broke 12060.00. LTP 12189.00
STOP LOSS 11713.00  (risk 2.88%)
Exit when the 125-min Supertrend turns red. 1R = 12407.00, 2R = 12754.00
[2026-08-31 14:37:07] CANCEL PNBHOUSING | 125m Supertrend flipped red before entry.
[2026-08-31 14:37:07] EXIT   PINELABS (TARGET) | 125m Supertrend turned RED - book out near 164.00
Entry 165.45 -> 164.00 = -0.88% (-0.29 R)
[2026-08-31 14:37:08] EXIT   SBFC (TARGET) | 125m Supertrend turned RED - book out near 99.27
Entry 97.20 -> 99.27 = +2.13% (+0.45 R)
[2026-08-31 14:37:09] SETUP  SBICARD | 125m Supertrend turned GREEN (daily green too).
Buy above 660.70 | SL 642.30 (risk 2.78%) | LTP 655.90
Valid for the next 3 x 125-min candles.
[2026-08-31 14:37:10] EXIT   UNIONBANK (STOPPED OUT) | Stop-loss hit - book out near 185.23
Entry 187.30 -> 185.23 = -1.11% (-1.00 R)
[2026-09-01 13:38:50] >>> ENTRY BHEL <<< | Broke 438.10. LTP 426.80
STOP LOSS 418.60  (risk 4.45%)
Exit when the 125-min Supertrend turns red. 1R = 457.60, 2R = 477.10
NOTE: price has pulled back to 426.80 - the trigger was hit earlier, between scans.
[2026-09-01 13:38:51] CANCEL DALBHARAT | 125m Supertrend flipped red before entry.
[2026-09-01 13:38:52] >>> ENTRY DEEPAKNTR <<< | Broke 1800.00. LTP 1788.20
STOP LOSS 1755.60  (risk 2.47%)
Exit when the 125-min Supertrend turns red. 1R = 1844.40, 2R = 1888.80
NOTE: price has pulled back to 1788.20 - the trigger was hit earlier, between scans.
[2026-09-01 13:38:53] EXIT   GLAXO (STOPPED OUT) | Stop-loss hit - book out near 2994.40
Entry 3049.90 -> 2994.40 = -1.82% (-1.00 R)
[2026-09-01 13:38:53] >>> ENTRY GRASIM <<< | Broke 3322.10. LTP 3301.50
STOP LOSS 3282.20  (risk 1.20%)
Exit when the 125-min Supertrend turns red. 1R = 3362.00, 2R = 3401.90
NOTE: price has pulled back to 3301.50 - the trigger was hit earlier, between scans.
[2026-09-01 13:38:54] EXIT   HYUNDAI (STOPPED OUT) | Stop-loss hit - book out near 2237.40
Entry 2279.00 -> 2237.40 = -1.83% (-1.00 R)
[2026-09-01 13:38:56] >>> ENTRY LTTS <<< | Broke 3641.30. LTP 3592.60
STOP LOSS 3573.70  (risk 1.86%)
Exit when the 125-min Supertrend turns red. 1R = 3708.90, 2R = 3776.50
NOTE: price has pulled back to 3592.60 - the trigger was hit earlier, between scans.
[2026-09-01 13:38:56] EXIT   LAURUSLABS (TARGET) | 125m Supertrend turned RED - book out near 1841.60
Entry 1842.00 -> 1841.60 = -0.02% (-0.01 R)
[2026-09-01 13:38:58] >>> ENTRY SBICARD <<< | Broke 660.70. LTP 636.10
STOP LOSS 642.30  (risk 2.78%)
Exit when the 125-min Supertrend turns red. 1R = 679.10, 2R = 697.50
NOTE: price has pulled back to 636.10 - the trigger was hit earlier, between scans.
[2026-09-01 13:38:58] EXIT   SBICARD (STOPPED OUT) | Stop-loss hit - book out near 642.30
Entry 660.70 -> 642.30 = -2.78% (-1.00 R)
[2026-09-01 13:38:59] EXIT   TATACAP (STOPPED OUT) | Stop-loss hit - book out near 364.15
Entry 369.75 -> 364.15 = -1.51% (-1.00 R)
[2026-09-02 12:58:52] EXIT   APARINDS (STOPPED OUT) | Stop-loss hit - book out near 17200.00
Entry 17620.00 -> 17200.00 = -2.38% (-1.00 R)
[2026-09-02 12:58:53] EXIT   BHEL (STOPPED OUT) | Stop-loss hit - book out near 418.60
Entry 438.10 -> 418.60 = -4.45% (-1.00 R)
[2026-09-02 12:58:54] EXIT   DEEPAKNTR (STOPPED OUT) | Stop-loss hit - book out near 1755.60
Entry 1800.00 -> 1755.60 = -2.47% (-1.00 R)
[2026-09-02 12:58:56] EXIT   GRASIM (STOPPED OUT) | Stop-loss hit - book out near 3282.20
Entry 3322.10 -> 3282.20 = -1.20% (-1.00 R)
[2026-09-02 12:58:57] EXIT   LTTS (STOPPED OUT) | Stop-loss hit - book out near 3573.70
Entry 3641.30 -> 3573.70 = -1.86% (-1.00 R)
[2026-09-02 12:58:58] EXIT   LGEINDIA (STOPPED OUT) | Stop-loss hit - book out near 1654.00
Entry 1686.50 -> 1654.00 = -1.93% (-1.00 R)
[2026-09-02 12:58:59] EXIT   NAVINFLUOR (TARGET) | 125m Supertrend turned RED - book out near 8399.00
Entry 8344.50 -> 8399.00 = +0.65% (+0.48 R)
[2026-09-02 12:59:00] SETUP  NUVAMA | 125m Supertrend turned GREEN (daily green too).
Buy above 1903.00 | SL 1752.50 (risk 7.91%) | LTP 1842.30
Valid for the next 3 x 125-min candles.
[2026-09-03 13:02:35] SETUP  ABREL | 125m Supertrend turned GREEN (daily green too).
Buy above 1386.90 | SL 1341.10 (risk 3.30%) | LTP 1380.00
Valid for the next 3 x 125-min candles.
[2026-09-03 13:02:36] SETUP  APARINDS | 125m Supertrend turned GREEN (daily green too).
Buy above 17690.00 | SL 17093.00 (risk 3.37%) | LTP 17602.00
Valid for the next 3 x 125-min candles.
[2026-09-03 13:02:36] >>> ENTRY APARINDS <<< | Broke 17690.00. LTP 17602.00
STOP LOSS 17093.00  (risk 3.37%)
Exit when the 125-min Supertrend turns red. 1R = 18287.00, 2R = 18884.00
NOTE: price has pulled back to 17602.00 - the trigger was hit earlier, between scans.
[2026-09-03 13:02:37] EXIT   ATHERENERG (TARGET) | 125m Supertrend turned RED - book out near 1646.70
Entry 1489.50 -> 1646.70 = +10.55% (+3.45 R)
[2026-09-03 13:02:38] SETUP  BANKINDIA | 125m Supertrend turned GREEN (daily green too).
Buy above 146.10 | SL 143.54 (risk 1.75%) | LTP 144.51
Valid for the next 3 x 125-min candles.
[2026-09-03 13:02:38] SETUP  MAHABANK | 125m Supertrend turned GREEN (daily green too).
Buy above 86.78 | SL 82.88 (risk 4.49%) | LTP 87.00
Valid for the next 3 x 125-min candles.
[2026-09-03 13:02:39] >>> ENTRY MAHABANK <<< | Broke 86.78. LTP 87.00
STOP LOSS 82.88  (risk 4.49%)
Exit when the 125-min Supertrend turns red. 1R = 90.68, 2R = 94.58
[2026-09-03 13:02:39] SETUP  BRIGADE | 125m Supertrend turned GREEN (daily green too).
Buy above 670.75 | SL 642.70 (risk 4.18%) | LTP 666.90
Valid for the next 3 x 125-min candles.
[2026-09-03 13:02:40] EXIT   CRISIL (TARGET) | 125m Supertrend turned RED - book out near 4771.10
Entry 4661.40 -> 4771.10 = +2.35% (+0.69 R)
[2026-09-03 13:02:41] SETUP  DLF | 125m Supertrend turned GREEN (daily green too).
Buy above 689.35 | SL 673.20 (risk 2.34%) | LTP 679.05
Valid for the next 3 x 125-min candles.
[2026-09-03 13:02:42] >>> ENTRY IRB <<< | Broke 19.60. LTP 19.90
STOP LOSS 19.31  (risk 1.48%)
Exit when the 125-min Supertrend turns red. 1R = 19.89, 2R = 20.18
[2026-09-03 13:02:43] SETUP  JMFINANCIL | 125m Supertrend turned GREEN (daily green too).
Buy above 132.95 | SL 130.04 (risk 2.19%) | LTP 131.99
Valid for the next 3 x 125-min candles.
[2026-09-03 13:02:44] SETUP  NETWEB | 125m Supertrend turned GREEN (daily green too).
Buy above 5345.00 | SL 5115.50 (risk 4.29%) | LTP 5323.00
Valid for the next 3 x 125-min candles.
[2026-09-03 13:02:44] >>> ENTRY NETWEB <<< | Broke 5345.00. LTP 5323.00
STOP LOSS 5115.50  (risk 4.29%)
Exit when the 125-min Supertrend turns red. 1R = 5574.50, 2R = 5804.00
NOTE: price has pulled back to 5323.00 - the trigger was hit earlier, between scans.
[2026-09-03 13:02:45] SETUP  OBEROIRLTY | 125m Supertrend turned GREEN (daily green too).
Buy above 1912.60 | SL 1868.60 (risk 2.30%) | LTP 1893.20
Valid for the next 3 x 125-min candles.
[2026-09-03 13:02:46] SETUP  SBICARD | 125m Supertrend turned GREEN (daily green too).
Buy above 667.10 | SL 644.75 (risk 3.35%) | LTP 656.35
Valid for the next 3 x 125-min candles.
[2026-09-03 13:02:47] SETUP  ZYDUSWELL | 125m Supertrend turned GREEN (daily green too).
Buy above 541.10 | SL 535.50 (risk 1.03%) | LTP 539.15
Valid for the next 3 x 125-min candles.
[2026-09-04 13:04:22] >>> ENTRY ABREL <<< | Broke 1386.90. LTP 1365.10
STOP LOSS 1341.10  (risk 3.30%)
Exit when the 125-min Supertrend turns red. 1R = 1432.70, 2R = 1478.50
NOTE: price has pulled back to 1365.10 - the trigger was hit earlier, between scans.
[2026-09-04 13:04:24] SETUP  GROWW | 125m Supertrend turned GREEN (daily green too).
Buy above 195.60 | SL 191.90 (risk 1.89%) | LTP 194.28
Valid for the next 3 x 125-min candles.
[2026-09-04 13:04:24] >>> ENTRY BRIGADE <<< | Broke 670.75. LTP 692.70
STOP LOSS 642.70  (risk 4.18%)
Exit when the 125-min Supertrend turns red. 1R = 698.80, 2R = 726.85
[2026-09-04 13:04:25] SETUP  CDSL | 125m Supertrend turned GREEN (daily green too).
Buy above 1417.70 | SL 1401.00 (risk 1.18%) | LTP 1393.60
Valid for the next 3 x 125-min candles.
[2026-09-04 13:04:26] >>> ENTRY DLF <<< | Broke 689.35. LTP 682.45
STOP LOSS 673.20  (risk 2.34%)
Exit when the 125-min Supertrend turns red. 1R = 705.50, 2R = 721.65
NOTE: price has pulled back to 682.45 - the trigger was hit earlier, between scans.
[2026-09-04 13:04:27] SETUP  MEDANTA | 125m Supertrend turned GREEN (daily green too).
Buy above 1475.80 | SL 1425.10 (risk 3.44%) | LTP 1483.90
Valid for the next 3 x 125-min candles.
[2026-09-04 13:04:28] >>> ENTRY MEDANTA <<< | Broke 1475.80. LTP 1483.90
STOP LOSS 1425.10  (risk 3.44%)
Exit when the 125-min Supertrend turns red. 1R = 1526.50, 2R = 1577.20
[2026-09-04 13:04:29] >>> ENTRY JMFINANCIL <<< | Broke 132.95. LTP 130.82
STOP LOSS 130.04  (risk 2.19%)
Exit when the 125-min Supertrend turns red. 1R = 135.86, 2R = 138.77
NOTE: price has pulled back to 130.82 - the trigger was hit earlier, between scans.
[2026-09-04 13:04:30] SETUP  MMTC | 125m Supertrend turned GREEN (daily green too).
Buy above 66.12 | SL 62.61 (risk 5.31%) | LTP 64.36
Valid for the next 3 x 125-min candles.
[2026-09-04 13:04:32] SETUP  NEWGEN | 125m Supertrend turned GREEN (daily green too).
Buy above 537.00 | SL 522.75 (risk 2.65%) | LTP 529.60
Valid for the next 3 x 125-min candles.
[2026-09-04 13:04:32] >>> ENTRY NEWGEN <<< | Broke 537.00. LTP 529.60
STOP LOSS 522.75  (risk 2.65%)
Exit when the 125-min Supertrend turns red. 1R = 551.25, 2R = 565.50
NOTE: price has pulled back to 529.60 - the trigger was hit earlier, between scans.
[2026-09-04 13:04:33] >>> ENTRY OBEROIRLTY <<< | Broke 1912.60. LTP 1890.40
STOP LOSS 1868.60  (risk 2.30%)
Exit when the 125-min Supertrend turns red. 1R = 1956.60, 2R = 2000.60
NOTE: price has pulled back to 1890.40 - the trigger was hit earlier, between scans.
[2026-09-04 13:04:34] SETUP  PAYTM | 125m Supertrend turned GREEN (daily green too).
Buy above 1690.90 | SL 1627.00 (risk 3.78%) | LTP 1666.50
Valid for the next 3 x 125-min candles.
[2026-09-04 13:04:34] >>> ENTRY PAYTM <<< | Broke 1690.90. LTP 1666.50
STOP LOSS 1627.00  (risk 3.78%)
Exit when the 125-min Supertrend turns red. 1R = 1754.80, 2R = 1818.70
NOTE: price has pulled back to 1666.50 - the trigger was hit earlier, between scans.
[2026-09-04 13:04:35] SETUP  PNBHOUSING | 125m Supertrend turned GREEN (daily green too).
Buy above 1177.00 | SL 1153.10 (risk 2.03%) | LTP 1176.50
Valid for the next 3 x 125-min candles.
[2026-09-04 13:04:35] >>> ENTRY PNBHOUSING <<< | Broke 1177.00. LTP 1176.50
STOP LOSS 1153.10  (risk 2.03%)
Exit when the 125-min Supertrend turns red. 1R = 1200.90, 2R = 1224.80
NOTE: price has pulled back to 1176.50 - the trigger was hit earlier, between scans.
[2026-09-04 13:04:36] SETUP  PFOCUS | 125m Supertrend turned GREEN (daily green too).
Buy above 304.45 | SL 290.05 (risk 4.73%) | LTP 296.40
Valid for the next 3 x 125-min candles.
[2026-09-04 13:04:37] >>> ENTRY SBICARD <<< | Broke 667.10. LTP 664.20
STOP LOSS 644.75  (risk 3.35%)
Exit when the 125-min Supertrend turns red. 1R = 689.45, 2R = 711.80
NOTE: price has pulled back to 664.20 - the trigger was hit earlier, between scans.
[2026-09-04 13:04:39] >>> ENTRY ZYDUSWELL <<< | Broke 541.10. LTP 535.10
STOP LOSS 535.50  (risk 1.03%)
Exit when the 125-min Supertrend turns red. 1R = 546.70, 2R = 552.30
NOTE: price has pulled back to 535.10 - the trigger was hit earlier, between scans.
[2026-09-04 13:04:40] EXIT   ZYDUSWELL (STOPPED OUT) | Stop-loss hit - book out near 535.50
Entry 541.10 -> 535.50 = -1.03% (-1.00 R)
[2026-09-07 13:13:10] CANCEL BANKINDIA | 125m Supertrend flipped red before entry.
[2026-09-07 13:13:11] >>> ENTRY GROWW <<< | Broke 195.60. LTP 194.55
STOP LOSS 191.90  (risk 1.89%)
Exit when the 125-min Supertrend turns red. 1R = 199.30, 2R = 203.00
NOTE: price has pulled back to 194.55 - the trigger was hit earlier, between scans.
[2026-09-07 13:13:12] SETUP  CARTRADE | 125m Supertrend turned GREEN (daily green too).
Buy above 3180.50 | SL 3008.50 (risk 5.41%) | LTP 3194.60
Valid for the next 3 x 125-min candles.
[2026-09-07 13:13:12] >>> ENTRY CARTRADE <<< | Broke 3180.50. LTP 3194.60
STOP LOSS 3008.50  (risk 5.41%)
Exit when the 125-min Supertrend turns red. 1R = 3352.50, 2R = 3524.50
[2026-09-07 13:13:13] >>> ENTRY CDSL <<< | Broke 1417.70. LTP 1412.30
STOP LOSS 1401.00  (risk 1.18%)
Exit when the 125-min Supertrend turns red. 1R = 1434.40, 2R = 1451.10
NOTE: price has pulled back to 1412.30 - the trigger was hit earlier, between scans.
[2026-09-07 13:13:14] EXIT   MEDANTA (STOPPED OUT) | Stop-loss hit - book out near 1425.10
Entry 1475.80 -> 1425.10 = -3.44% (-1.00 R)
[2026-09-07 13:13:15] EXIT   IRB (STOPPED OUT) | Stop-loss hit - book out near 19.31
Entry 19.60 -> 19.31 = -1.48% (-1.00 R)
[2026-09-07 13:13:16] EXIT   JMFINANCIL (STOPPED OUT) | Stop-loss hit - book out near 130.04
Entry 132.95 -> 130.04 = -2.19% (-1.00 R)
[2026-09-07 13:13:18] SETUP  MCX | 125m Supertrend turned GREEN (daily green too).
Buy above 3357.00 | SL 3285.00 (risk 2.14%) | LTP 3348.80
Valid for the next 3 x 125-min candles.
[2026-09-07 13:13:18] >>> ENTRY MCX <<< | Broke 3357.00. LTP 3348.80
STOP LOSS 3285.00  (risk 2.14%)
Exit when the 125-min Supertrend turns red. 1R = 3429.00, 2R = 3501.00
NOTE: price has pulled back to 3348.80 - the trigger was hit earlier, between scans.
[2026-09-07 13:13:19] SETUP  NH | 125m Supertrend turned GREEN (daily green too).
Buy above 1915.00 | SL 1874.90 (risk 2.09%) | LTP 1908.50
Valid for the next 3 x 125-min candles.
[2026-09-07 13:13:19] >>> ENTRY NH <<< | Broke 1915.00. LTP 1908.50
STOP LOSS 1874.90  (risk 2.09%)
Exit when the 125-min Supertrend turns red. 1R = 1955.10, 2R = 1995.20
NOTE: price has pulled back to 1908.50 - the trigger was hit earlier, between scans.
[2026-09-07 13:13:20] EXIT   NEWGEN (STOPPED OUT) | Stop-loss hit - book out near 522.75
Entry 537.00 -> 522.75 = -2.65% (-1.00 R)
[2026-09-07 13:13:20] EXIT   OBEROIRLTY (STOPPED OUT) | Stop-loss hit - book out near 1868.60
Entry 1912.60 -> 1868.60 = -2.30% (-1.00 R)
[2026-09-07 13:13:21] EXIT   OFSS (TARGET) | 125m Supertrend turned RED - book out near 11747.00
Entry 12060.00 -> 11747.00 = -2.60% (-0.90 R)
[2026-09-07 13:13:22] >>> ENTRY PFOCUS <<< | Broke 304.45. LTP 308.05
STOP LOSS 290.05  (risk 4.73%)
Exit when the 125-min Supertrend turns red. 1R = 318.85, 2R = 333.25
[2026-09-07 13:13:23] EXIT   SIEMENS (TARGET) | 125m Supertrend turned RED - book out near 3939.90
Entry 4110.00 -> 3939.90 = -4.14% (-0.84 R)
[2026-09-07 13:13:24] SETUP  SYRMA | 125m Supertrend turned GREEN (daily green too).
Buy above 1625.90 | SL 1464.40 (risk 9.93%) | LTP 1606.00
Valid for the next 3 x 125-min candles.
[2026-09-08 13:06:09] SETUP  AUROPHARMA | 125m Supertrend turned GREEN (daily green too).
Buy above 1691.60 | SL 1655.10 (risk 2.16%) | LTP 1682.20
Valid for the next 3 x 125-min candles.
[2026-09-08 13:06:10] >>> ENTRY AUROPHARMA <<< | Broke 1691.60. LTP 1682.20
STOP LOSS 1655.10  (risk 2.16%)
Exit when the 125-min Supertrend turns red. 1R = 1728.10, 2R = 1764.60
NOTE: price has pulled back to 1682.20 - the trigger was hit earlier, between scans.
[2026-09-08 13:06:11] SETUP  BEL | 125m Supertrend turned GREEN (daily green too).
Buy above 415.50 | SL 406.50 (risk 2.17%) | LTP 412.35
Valid for the next 3 x 125-min candles.
[2026-09-08 13:06:12] >>> ENTRY BEL <<< | Broke 415.50. LTP 412.35
STOP LOSS 406.50  (risk 2.17%)
Exit when the 125-min Supertrend turns red. 1R = 424.50, 2R = 433.50
NOTE: price has pulled back to 412.35 - the trigger was hit earlier, between scans.
[2026-09-08 13:06:13] EXIT   CDSL (STOPPED OUT) | Stop-loss hit - book out near 1401.00
Entry 1417.70 -> 1401.00 = -1.18% (-1.00 R)
[2026-09-08 13:06:14] EXIT   DLF (STOPPED OUT) | Stop-loss hit - book out near 673.20
Entry 689.35 -> 673.20 = -2.34% (-1.00 R)
[2026-09-08 13:06:14] SETUP  DATAPATTNS | 125m Supertrend turned GREEN (daily green too).
Buy above 4919.00 | SL 4617.10 (risk 6.14%) | LTP 4918.00
Valid for the next 3 x 125-min candles.
[2026-09-08 13:06:15] >>> ENTRY DATAPATTNS <<< | Broke 4919.00. LTP 4918.00
STOP LOSS 4617.10  (risk 6.14%)
Exit when the 125-min Supertrend turns red. 1R = 5220.90, 2R = 5522.80
NOTE: price has pulled back to 4918.00 - the trigger was hit earlier, between scans.
[2026-09-08 13:06:16] SETUP  GVT&D | 125m Supertrend turned GREEN (daily green too).
Buy above 4747.00 | SL 4612.50 (risk 2.83%) | LTP 4768.20
Valid for the next 3 x 125-min candles.
[2026-09-08 13:06:16] >>> ENTRY GVT&D <<< | Broke 4747.00. LTP 4768.20
STOP LOSS 4612.50  (risk 2.83%)
Exit when the 125-min Supertrend turns red. 1R = 4881.50, 2R = 5016.00
[2026-09-08 13:06:18] SETUP  LTFOODS | 125m Supertrend turned GREEN (daily green too).
Buy above 463.65 | SL 447.00 (risk 3.59%) | LTP 460.40
Valid for the next 3 x 125-min candles.
[2026-09-08 13:06:19] >>> ENTRY LTFOODS <<< | Broke 463.65. LTP 460.40
STOP LOSS 447.00  (risk 3.59%)
Exit when the 125-min Supertrend turns red. 1R = 480.30, 2R = 496.95
NOTE: price has pulled back to 460.40 - the trigger was hit earlier, between scans.
[2026-09-08 13:06:20] EXIT   MCX (STOPPED OUT) | Stop-loss hit - book out near 3285.00
Entry 3357.00 -> 3285.00 = -2.14% (-1.00 R)
[2026-09-08 13:06:21] EXIT   NETWEB (STOPPED OUT) | Stop-loss hit - book out near 5115.50
Entry 5345.00 -> 5115.50 = -4.29% (-1.00 R)
[2026-09-08 13:06:21] SETUP  NEULANDLAB | 125m Supertrend turned GREEN (daily green too).
Buy above 23830.00 | SL 23040.00 (risk 3.32%) | LTP 23730.00
Valid for the next 3 x 125-min candles.
[2026-09-08 13:06:22] EXPIRE NUVAMA | No breakout of 1903.00 within 3 candles.
[2026-09-08 13:06:24] >>> ENTRY SYRMA <<< | Broke 1625.90. LTP 1645.70
STOP LOSS 1464.40  (risk 9.93%)
Exit when the 125-min Supertrend turns red. 1R = 1787.40, 2R = 1948.90
[2026-09-09 13:12:18] EXIT   ABREL (STOPPED OUT) | Stop-loss hit - book out near 1341.10
Entry 1386.90 -> 1341.10 = -3.30% (-1.00 R)
[2026-09-09 13:12:19] EXIT   MAHABANK (TARGET) | 125m Supertrend turned RED - book out near 83.75
Entry 86.78 -> 83.75 = -3.49% (-0.78 R)
[2026-09-09 13:12:20] EXIT   BRIGADE (TARGET) | 125m Supertrend turned RED - book out near 670.05
Entry 670.75 -> 670.05 = -0.10% (-0.02 R)
[2026-09-09 13:12:20] EXIT   CARTRADE (TARGET) | 125m Supertrend turned RED - book out near 3069.00
Entry 3180.50 -> 3069.00 = -3.51% (-0.65 R)
[2026-09-09 13:12:21] EXIT   CUB (TARGET) | 125m Supertrend turned RED - book out near 230.34
Entry 220.09 -> 230.34 = +4.66% (+3.61 R)
[2026-09-09 13:12:22] SETUP  MEDANTA | 125m Supertrend turned GREEN (daily green too).
Buy above 1477.60 | SL 1432.00 (risk 3.09%) | LTP 1472.90
Valid for the next 3 x 125-min candles.
[2026-09-09 13:12:23] >>> ENTRY MEDANTA <<< | Broke 1477.60. LTP 1472.90
STOP LOSS 1432.00  (risk 3.09%)
Exit when the 125-min Supertrend turns red. 1R = 1523.20, 2R = 1568.80
NOTE: price has pulled back to 1472.90 - the trigger was hit earlier, between scans.
[2026-09-09 13:12:23] SETUP  FLUOROCHEM | 125m Supertrend turned GREEN (daily green too).
Buy above 4738.20 | SL 4653.50 (risk 1.79%) | LTP 4698.40
Valid for the next 3 x 125-min candles.
[2026-09-09 13:12:26] EXIT   NH (STOPPED OUT) | Stop-loss hit - book out near 1874.90
Entry 1915.00 -> 1874.90 = -2.09% (-1.00 R)
[2026-09-09 13:12:26] >>> ENTRY NEULANDLAB <<< | Broke 23830.00. LTP 23465.00
STOP LOSS 23040.00  (risk 3.32%)
Exit when the 125-min Supertrend turns red. 1R = 24620.00, 2R = 25410.00
NOTE: price has pulled back to 23465.00 - the trigger was hit earlier, between scans.
[2026-09-09 13:12:27] EXIT   PNBHOUSING (STOPPED OUT) | Stop-loss hit - book out near 1153.10
Entry 1177.00 -> 1153.10 = -2.03% (-1.00 R)
[2026-09-10 13:10:30] EXIT   APARINDS (STOPPED OUT) | Stop-loss hit - book out near 17093.00
Entry 17690.00 -> 17093.00 = -3.37% (-1.00 R)
[2026-09-10 13:10:31] EXIT   BEL (STOPPED OUT) | Stop-loss hit - book out near 406.50
Entry 415.50 -> 406.50 = -2.17% (-1.00 R)
[2026-09-10 13:10:32] EXIT   GVT&D (STOPPED OUT) | Stop-loss hit - book out near 4612.50
Entry 4747.00 -> 4612.50 = -2.83% (-1.00 R)
[2026-09-10 13:10:33] >>> ENTRY FLUOROCHEM <<< | Broke 4738.20. LTP 4775.50
STOP LOSS 4653.50  (risk 1.79%)
Exit when the 125-min Supertrend turns red. 1R = 4822.90, 2R = 4907.60
[2026-09-10 13:10:34] SETUP  IRB | 125m Supertrend turned GREEN (daily green too).
Buy above 20.47 | SL 19.51 (risk 4.69%) | LTP 19.50
Valid for the next 3 x 125-min candles.
[2026-09-10 13:10:35] SETUP  KPIL | 125m Supertrend turned GREEN (daily green too).
Buy above 1431.80 | SL 1403.30 (risk 1.99%) | LTP 1425.00
Valid for the next 3 x 125-min candles.
[2026-09-10 13:10:35] >>> ENTRY KPIL <<< | Broke 1431.80. LTP 1425.00
STOP LOSS 1403.30  (risk 1.99%)
Exit when the 125-min Supertrend turns red. 1R = 1460.30, 2R = 1488.80
NOTE: price has pulled back to 1425.00 - the trigger was hit earlier, between scans.
[2026-09-10 13:10:36] EXIT   LTFOODS (STOPPED OUT) | Stop-loss hit - book out near 447.00
Entry 463.65 -> 447.00 = -3.59% (-1.00 R)
[2026-09-10 13:10:36] CANCEL MMTC | 125m Supertrend flipped red before entry.
[2026-09-10 13:10:37] EXIT   NEULANDLAB (TARGET) | 125m Supertrend turned RED - book out near 23785.00
Entry 23830.00 -> 23785.00 = -0.19% (-0.06 R)
[2026-09-10 13:10:38] SETUP  OLAELEC | 125m Supertrend turned GREEN (daily green too).
Buy above 40.30 | SL 37.34 (risk 7.34%) | LTP 39.41
Valid for the next 3 x 125-min candles.
[2026-09-10 13:10:39] SETUP  TECHNOE | 125m Supertrend turned GREEN (daily green too).
Buy above 1012.25 | SL 989.65 (risk 2.23%) | LTP 988.70
Valid for the next 3 x 125-min candles.
[2026-09-11 13:08:02] SETUP  FIVESTAR | 125m Supertrend turned GREEN (daily green too).
Buy above 556.85 | SL 521.80 (risk 6.29%) | LTP 551.65
Valid for the next 3 x 125-min candles.
[2026-09-11 13:08:04] EXIT   KPIL (STOPPED OUT) | Stop-loss hit - book out near 1403.30
Entry 1431.80 -> 1403.30 = -1.99% (-1.00 R)
[2026-09-14 13:51:02] SETUP  BSE | 125m Supertrend turned GREEN (daily green too).
Buy above 3394.30 | SL 3211.50 (risk 5.39%) | LTP 3384.00
Valid for the next 3 x 125-min candles.
[2026-09-14 13:51:07] SETUP  PTCIL | 125m Supertrend turned GREEN (daily green too).
Buy above 24015.00 | SL 22825.00 (risk 4.96%) | LTP 23440.00
Valid for the next 3 x 125-min candles.
[2026-09-14 13:51:08] SETUP  SAGILITY | 125m Supertrend turned GREEN (daily green too).
Buy above 45.49 | SL 44.84 (risk 1.43%) | LTP 45.20
Valid for the next 3 x 125-min candles.
[2026-09-15 13:43:10] >>> ENTRY BSE <<< | Broke 3394.30. LTP 3347.70
STOP LOSS 3211.50  (risk 5.39%)
Exit when the 125-min Supertrend turns red. 1R = 3577.10, 2R = 3759.90
NOTE: price has pulled back to 3347.70 - the trigger was hit earlier, between scans.
[2026-09-15 13:43:11] EXIT   DATAPATTNS (STOPPED OUT) | Stop-loss hit - book out near 4617.10
Entry 4919.00 -> 4617.10 = -6.14% (-1.00 R)
[2026-09-15 13:43:12] >>> ENTRY FIVESTAR <<< | Broke 556.85. LTP 544.20
STOP LOSS 521.80  (risk 6.29%)
Exit when the 125-min Supertrend turns red. 1R = 591.90, 2R = 626.95
NOTE: price has pulled back to 544.20 - the trigger was hit earlier, between scans.
[2026-09-15 13:43:13] EXIT   MEDANTA (STOPPED OUT) | Stop-loss hit - book out near 1432.00
Entry 1477.60 -> 1432.00 = -3.09% (-1.00 R)
[2026-09-15 13:43:13] EXIT   FLUOROCHEM (STOPPED OUT) | Stop-loss hit - book out near 4653.50
Entry 4738.20 -> 4653.50 = -1.79% (-1.00 R)
[2026-09-15 13:43:14] CANCEL IRB | 125m Supertrend flipped red before entry.
[2026-09-15 13:43:15] EXIT   JINDALSAW (TARGET) | 125m Supertrend turned RED - book out near 294.50
Entry 307.90 -> 294.50 = -4.35% (-0.75 R)
[2026-09-15 13:43:17] EXIT   SBICARD (STOPPED OUT) | Stop-loss hit - book out near 644.75
Entry 667.10 -> 644.75 = -3.35% (-1.00 R)
[2026-09-15 13:43:17] >>> ENTRY SAGILITY <<< | Broke 45.49. LTP 45.95
STOP LOSS 44.84  (risk 1.43%)
Exit when the 125-min Supertrend turns red. 1R = 46.14, 2R = 46.79
[2026-09-15 13:43:19] EXIT   SYRMA (TARGET) | 125m Supertrend turned RED - book out near 1526.80
Entry 1625.90 -> 1526.80 = -6.10% (-0.61 R)
[2026-09-15 13:43:20] CANCEL TECHNOE | 125m Supertrend flipped red before entry.
[2026-09-15 13:43:21] SETUP  TORNTPOWER | 125m Supertrend turned GREEN (daily green too).
Buy above 1325.80 | SL 1300.00 (risk 1.95%) | LTP 1304.40
Valid for the next 3 x 125-min candles.
[2026-09-16 13:36:38] EXIT   AUROPHARMA (STOPPED OUT) | Stop-loss hit - book out near 1655.10
Entry 1691.60 -> 1655.10 = -2.16% (-1.00 R)
[2026-09-16 13:36:39] EXIT   BSE (TARGET) | 125m Supertrend turned RED - book out near 3251.30
Entry 3394.30 -> 3251.30 = -4.21% (-0.78 R)
[2026-09-16 13:36:39] EXIT   GROWW (STOPPED OUT) | Stop-loss hit - book out near 191.90
Entry 195.60 -> 191.90 = -1.89% (-1.00 R)
[2026-09-16 13:36:40] SETUP  CGCL | 125m Supertrend turned GREEN (daily green too).
Buy above 267.20 | SL 252.10 (risk 5.65%) | LTP 260.30
Valid for the next 3 x 125-min candles.
[2026-09-16 13:36:42] SETUP  GLENMARK | 125m Supertrend turned GREEN (daily green too).
Buy above 2425.80 | SL 2374.00 (risk 2.14%) | LTP 2416.00
Valid for the next 3 x 125-min candles.
[2026-09-16 13:36:44] CANCEL OLAELEC | 125m Supertrend flipped red before entry.
[2026-09-16 13:36:45] EXIT   PAYTM (TARGET) | 125m Supertrend turned RED - book out near 1779.80
Entry 1690.90 -> 1779.80 = +5.26% (+1.39 R)
[2026-09-16 13:36:45] SETUP  POLICYBZR | 125m Supertrend turned GREEN (daily green too).
Buy above 1815.50 | SL 1736.20 (risk 4.37%) | LTP 1798.70
Valid for the next 3 x 125-min candles.
[2026-09-16 13:36:46] CANCEL PTCIL | 125m Supertrend flipped red before entry.
[2026-09-17 13:43:18] SETUP  AUROPHARMA | 125m Supertrend turned GREEN (daily green too).
Buy above 1686.00 | SL 1666.50 (risk 1.16%) | LTP 1690.80
Valid for the next 3 x 125-min candles.
[2026-09-17 13:43:19] >>> ENTRY AUROPHARMA <<< | Broke 1686.00. LTP 1690.80
STOP LOSS 1666.50  (risk 1.16%)
Exit when the 125-min Supertrend turns red. 1R = 1705.50, 2R = 1725.00
[2026-09-17 13:43:20] SETUP  BHEL | 125m Supertrend turned GREEN (daily green too).
Buy above 429.35 | SL 418.30 (risk 2.57%) | LTP 427.30
Valid for the next 3 x 125-min candles.
[2026-09-17 13:43:20] SETUP  BLUESTARCO | 125m Supertrend turned GREEN (daily green too).
Buy above 1552.70 | SL 1531.60 (risk 1.36%) | LTP 1554.90
Valid for the next 3 x 125-min candles.
[2026-09-17 13:43:21] >>> ENTRY BLUESTARCO <<< | Broke 1552.70. LTP 1554.90
STOP LOSS 1531.60  (risk 1.36%)
Exit when the 125-min Supertrend turns red. 1R = 1573.80, 2R = 1594.90
[2026-09-17 13:43:22] SETUP  CANHLIFE | 125m Supertrend turned GREEN (daily green too).
Buy above 156.00 | SL 153.09 (risk 1.87%) | LTP 155.42
Valid for the next 3 x 125-min candles.
[2026-09-17 13:43:23] SETUP  DIVISLAB | 125m Supertrend turned GREEN (daily green too).
Buy above 9354.50 | SL 9252.00 (risk 1.10%) | LTP 9301.00
Valid for the next 3 x 125-min candles.
[2026-09-17 13:43:25] SETUP  INDGN | 125m Supertrend turned GREEN (daily green too).
Buy above 585.90 | SL 577.80 (risk 1.38%) | LTP 586.60
Valid for the next 3 x 125-min candles.
[2026-09-17 13:43:25] >>> ENTRY INDGN <<< | Broke 585.90. LTP 586.60
STOP LOSS 577.80  (risk 1.38%)
Exit when the 125-min Supertrend turns red. 1R = 594.00, 2R = 602.10
[2026-09-17 13:43:26] SETUP  LGEINDIA | 125m Supertrend turned GREEN (daily green too).
Buy above 1676.90 | SL 1659.00 (risk 1.07%) | LTP 1670.40
Valid for the next 3 x 125-min candles.
[2026-09-17 13:43:28] >>> ENTRY POLICYBZR <<< | Broke 1815.50. LTP 1773.60
STOP LOSS 1736.20  (risk 4.37%)
Exit when the 125-min Supertrend turns red. 1R = 1894.80, 2R = 1974.10
NOTE: price has pulled back to 1773.60 - the trigger was hit earlier, between scans.
[2026-09-17 13:43:29] EXIT   SAGILITY (STOPPED OUT) | Stop-loss hit - book out near 44.84
Entry 45.49 -> 44.84 = -1.43% (-1.00 R)
[2026-09-17 13:43:30] SETUP  VIJAYA | 125m Supertrend turned GREEN (daily green too).
Buy above 1487.40 | SL 1452.00 (risk 2.38%) | LTP 1481.80
Valid for the next 3 x 125-min candles.
[2026-09-18 13:17:42] SETUP  ANANDRATHI | 125m Supertrend turned GREEN (daily green too).
Buy above 2268.40 | SL 2210.40 (risk 2.56%) | LTP 2234.60
Valid for the next 3 x 125-min candles.
[2026-09-18 13:17:43] >>> ENTRY BHEL <<< | Broke 429.35. LTP 432.25
STOP LOSS 418.30  (risk 2.57%)
Exit when the 125-min Supertrend turns red. 1R = 440.40, 2R = 451.45
[2026-09-18 13:17:44] >>> ENTRY CANHLIFE <<< | Broke 156.00. LTP 152.99
STOP LOSS 153.09  (risk 1.87%)
Exit when the 125-min Supertrend turns red. 1R = 158.91, 2R = 161.82
NOTE: price has pulled back to 152.99 - the trigger was hit earlier, between scans.
[2026-09-18 13:17:44] EXIT   CANHLIFE (STOPPED OUT) | Stop-loss hit - book out near 153.09
Entry 156.00 -> 153.09 = -1.87% (-1.00 R)
[2026-09-18 13:17:45] >>> ENTRY CGCL <<< | Broke 267.20. LTP 269.95
STOP LOSS 252.10  (risk 5.65%)
Exit when the 125-min Supertrend turns red. 1R = 282.30, 2R = 297.40
[2026-09-18 13:17:46] SETUP  CLEAN | 125m Supertrend turned GREEN (daily green too).
Buy above 872.80 | SL 826.95 (risk 5.25%) | LTP 854.35
Valid for the next 3 x 125-min candles.
[2026-09-18 13:17:47] >>> ENTRY DIVISLAB <<< | Broke 9354.50. LTP 9372.00
STOP LOSS 9252.00  (risk 1.10%)
Exit when the 125-min Supertrend turns red. 1R = 9457.00, 2R = 9559.50
[2026-09-18 13:17:47] SETUP  EMCURE | 125m Supertrend turned GREEN (daily green too).
Buy above 1984.90 | SL 1926.00 (risk 2.97%) | LTP 1984.60
Valid for the next 3 x 125-min candles.
[2026-09-18 13:17:48] >>> ENTRY EMCURE <<< | Broke 1984.90. LTP 1984.60
STOP LOSS 1926.00  (risk 2.97%)
Exit when the 125-min Supertrend turns red. 1R = 2043.80, 2R = 2102.70
NOTE: price has pulled back to 1984.60 - the trigger was hit earlier, between scans.
[2026-09-18 13:17:48] EXIT   FIVESTAR (TARGET) | 125m Supertrend turned RED - book out near 534.20
Entry 556.85 -> 534.20 = -4.07% (-0.65 R)
[2026-09-18 13:17:49] SETUP  GLAND | 125m Supertrend turned GREEN (daily green too).
Buy above 2976.70 | SL 2914.30 (risk 2.10%) | LTP 2945.60
Valid for the next 3 x 125-min candles.
[2026-09-18 13:17:49] >>> ENTRY GLENMARK <<< | Broke 2425.80. LTP 2409.40
STOP LOSS 2374.00  (risk 2.14%)
Exit when the 125-min Supertrend turns red. 1R = 2477.60, 2R = 2529.40
NOTE: price has pulled back to 2409.40 - the trigger was hit earlier, between scans.
[2026-09-18 13:17:50] SETUP  HOMEFIRST | 125m Supertrend turned GREEN (daily green too).
Buy above 1204.90 | SL 1158.20 (risk 3.88%) | LTP 1204.90
Valid for the next 3 x 125-min candles.
[2026-09-18 13:17:51] >>> ENTRY HOMEFIRST <<< | Broke 1204.90. LTP 1204.90
STOP LOSS 1158.20  (risk 3.88%)
Exit when the 125-min Supertrend turns red. 1R = 1251.60, 2R = 1298.30
[2026-09-18 13:17:52] SETUP  IDFCFIRSTB | 125m Supertrend turned GREEN (daily green too).
Buy above 87.12 | SL 86.18 (risk 1.08%) | LTP 86.84
Valid for the next 3 x 125-min candles.
[2026-09-18 13:17:52] SETUP  INDHOTEL | 125m Supertrend turned GREEN (daily green too).
Buy above 743.00 | SL 722.70 (risk 2.73%) | LTP 736.25
Valid for the next 3 x 125-min candles.
[2026-09-18 13:17:53] SETUP  KPIL | 125m Supertrend turned GREEN (daily green too).
Buy above 1434.70 | SL 1402.00 (risk 2.28%) | LTP 1441.30
Valid for the next 3 x 125-min candles.
[2026-09-18 13:17:54] >>> ENTRY KPIL <<< | Broke 1434.70. LTP 1441.30
STOP LOSS 1402.00  (risk 2.28%)
Exit when the 125-min Supertrend turns red. 1R = 1467.40, 2R = 1500.10
[2026-09-18 13:17:54] >>> ENTRY LGEINDIA <<< | Broke 1676.90. LTP 1669.90
STOP LOSS 1659.00  (risk 1.07%)
Exit when the 125-min Supertrend turns red. 1R = 1694.80, 2R = 1712.70
NOTE: price has pulled back to 1669.90 - the trigger was hit earlier, between scans.
[2026-09-18 13:17:55] SETUP  LENSKART | 125m Supertrend turned GREEN (daily green too).
Buy above 703.80 | SL 678.10 (risk 3.65%) | LTP 698.85
Valid for the next 3 x 125-min candles.
[2026-09-18 13:17:56] >>> ENTRY LENSKART <<< | Broke 703.80. LTP 698.85
STOP LOSS 678.10  (risk 3.65%)
Exit when the 125-min Supertrend turns red. 1R = 729.50, 2R = 755.20
NOTE: price has pulled back to 698.85 - the trigger was hit earlier, between scans.
[2026-09-18 13:17:56] SETUP  NH | 125m Supertrend turned GREEN (daily green too).
Buy above 1906.80 | SL 1859.10 (risk 2.50%) | LTP 1920.40
Valid for the next 3 x 125-min candles.
[2026-09-18 13:17:57] >>> ENTRY NH <<< | Broke 1906.80. LTP 1920.40
STOP LOSS 1859.10  (risk 2.50%)
Exit when the 125-min Supertrend turns red. 1R = 1954.50, 2R = 2002.20
[2026-09-18 13:17:58] SETUP  RBLBANK | 125m Supertrend turned GREEN (daily green too).
Buy above 409.70 | SL 405.20 (risk 1.10%) | LTP 408.35
Valid for the next 3 x 125-min candles.
[2026-09-18 13:17:59] >>> ENTRY RBLBANK <<< | Broke 409.70. LTP 408.35
STOP LOSS 405.20  (risk 1.10%)
Exit when the 125-min Supertrend turns red. 1R = 414.20, 2R = 418.70
NOTE: price has pulled back to 408.35 - the trigger was hit earlier, between scans.
[2026-09-18 13:17:59] SETUP  SAGILITY | 125m Supertrend turned GREEN (daily green too).
Buy above 46.15 | SL 44.59 (risk 3.38%) | LTP 45.94
Valid for the next 3 x 125-min candles.
[2026-09-18 13:18:00] >>> ENTRY SAGILITY <<< | Broke 46.15. LTP 45.94
STOP LOSS 44.59  (risk 3.38%)
Exit when the 125-min Supertrend turns red. 1R = 47.71, 2R = 49.27
NOTE: price has pulled back to 45.94 - the trigger was hit earlier, between scans.
[2026-09-18 13:18:01] SETUP  SPLPETRO | 125m Supertrend turned GREEN (daily green too).
Buy above 862.25 | SL 805.00 (risk 6.64%) | LTP 853.00
Valid for the next 3 x 125-min candles.
[2026-09-18 13:18:01] SETUP  TBOTEK | 125m Supertrend turned GREEN (daily green too).
Buy above 1713.00 | SL 1643.70 (risk 4.05%) | LTP 1726.00
Valid for the next 3 x 125-min candles.
[2026-09-18 13:18:02] >>> ENTRY TBOTEK <<< | Broke 1713.00. LTP 1726.00
STOP LOSS 1643.70  (risk 4.05%)
Exit when the 125-min Supertrend turns red. 1R = 1782.30, 2R = 1851.60
[2026-09-18 13:18:03] CANCEL TORNTPOWER | 125m Supertrend flipped red before entry.
[2026-09-18 13:18:03] >>> ENTRY VIJAYA <<< | Broke 1487.40. LTP 1549.50
STOP LOSS 1452.00  (risk 2.38%)
Exit when the 125-min Supertrend turns red. 1R = 1522.80, 2R = 1558.20
